\BOOKMARK [0][]{indice.0}{\376\377\000I\000n\000d\000i\000c\000e}{}% 1
\BOOKMARK [-1][]{part.1}{\376\377\000I\000\040\000E\000l\000e\000t\000t\000r\000o\000n\000i\000c\000a\000\040\000A\000n\000a\000l\000o\000g\000i\000c\000a}{}% 2
\BOOKMARK [0][]{chapter.1}{\376\377\000R\000i\000c\000h\000i\000a\000m\000i\000\040\000d\000i\000\040\000T\000e\000o\000r\000i\000a\000\040\000d\000e\000i\000\040\000C\000i\000r\000c\000u\000i\000t\000i}{part.1}% 3
\BOOKMARK [1][]{section.1.1}{\376\377\000L\000e\000g\000g\000i\000\040\000d\000i\000\040\000K\000i\000r\000c\000h\000h\000o\000f\000f}{chapter.1}% 4
\BOOKMARK [1][]{section.1.2}{\376\377\000C\000o\000m\000p\000o\000n\000e\000n\000t\000i\000\040\000e\000\040\000C\000o\000n\000n\000e\000s\000s\000i\000o\000n\000i}{chapter.1}% 5
\BOOKMARK [1][]{section.1.3}{\376\377\000T\000e\000o\000r\000e\000m\000i\000\040\000d\000e\000l\000l\000e\000\040\000R\000e\000t\000i\000\040\000L\000i\000n\000e\000a\000r\000i}{chapter.1}% 6
\BOOKMARK [1][]{section.1.4}{\376\377\000E\000s\000e\000r\000c\000i\000t\000a\000z\000i\000o\000n\000e}{chapter.1}% 7
\BOOKMARK [0][]{chapter.2}{\376\377\000M\000o\000d\000e\000l\000l\000i\000\040\000d\000e\000i\000\040\000C\000o\000m\000p\000o\000n\000e\000n\000t\000i\000\040\000e\000\040\000Q\000u\000a\000d\000r\000i\000p\000o\000l\000i}{part.1}% 8
\BOOKMARK [1][]{section.2.1}{\376\377\000R\000e\000l\000a\000z\000i\000o\000n\000i\000\040\000T\000e\000n\000s\000i\000o\000n\000e\000-\000C\000o\000r\000r\000e\000n\000t\000e\000\040\000e\000\040\000M\000o\000d\000e\000l\000l\000i}{chapter.2}% 9
\BOOKMARK [1][]{section.2.2}{\376\377\000Q\000u\000a\000d\000r\000i\000p\000o\000l\000i\000\040\000o\000\040\000D\000o\000p\000p\000i\000\040\000B\000i\000p\000o\000l\000i}{chapter.2}% 10
\BOOKMARK [2][]{subsection.2.2.1}{\376\377\000M\000o\000d\000e\000l\000l\000i\000\040\000d\000e\000i\000\040\000Q\000u\000a\000d\000r\000i\000p\000o\000l\000i}{section.2.2}% 11
\BOOKMARK [2][]{subsection.2.2.2}{\376\377\000C\000a\000r\000a\000t\000t\000e\000r\000i\000z\000z\000a\000z\000i\000o\000n\000e\000\040\000s\000p\000e\000r\000i\000m\000e\000n\000t\000a\000l\000e\000\040\000d\000e\000i\000\040\000p\000a\000r\000a\000m\000e\000t\000r\000i}{section.2.2}% 12
\BOOKMARK [2][]{subsection.2.2.3}{\376\377\000T\000e\000o\000r\000e\000m\000a\000\040\000d\000i\000\040\000S\000o\000s\000t\000i\000t\000u\000z\000i\000o\000n\000e}{section.2.2}% 13
\BOOKMARK [2][]{subsection.2.2.4}{\376\377\000R\000a\000p\000p\000r\000e\000s\000e\000n\000t\000a\000z\000i\000o\000n\000e\000\040\000a\000\040\000P\000i\000c\000c\000o\000l\000o\000\040\000S\000e\000g\000n\000a\000l\000e\000:\000\040\000M\000o\000d\000e\000l\000l\000o\000\040\000H}{section.2.2}% 14
\BOOKMARK [2][]{subsection.2.2.5}{\376\377\000A\000m\000p\000l\000i\000f\000i\000c\000a\000t\000o\000r\000e\000\040\000d\000i\000\040\000T\000e\000n\000s\000i\000o\000n\000e}{section.2.2}% 15
\BOOKMARK [2][]{subsection.2.2.6}{\376\377\000A\000m\000p\000l\000i\000f\000i\000c\000a\000t\000o\000r\000i\000\040\000a\000\040\000C\000a\000s\000c\000a\000t\000a\000\040\000e\000\040\000F\000i\000l\000t\000r\000i}{section.2.2}% 16
\BOOKMARK [2][]{subsection.2.2.7}{\376\377\000A\000m\000p\000l\000i\000f\000i\000c\000a\000t\000o\000r\000e\000\040\000d\000i\000\040\000C\000o\000r\000r\000e\000n\000t\000e}{section.2.2}% 17
\BOOKMARK [2][]{subsection.2.2.8}{\376\377\000C\000i\000r\000c\000u\000i\000t\000o\000\040\000A\000u\000t\000o\000-\000O\000s\000c\000i\000l\000l\000a\000n\000t\000e\000\040\000c\000o\000n\000\040\000F\000e\000e\000d\000b\000a\000c\000k\000\040\000P\000o\000s\000i\000t\000i\000v\000o}{section.2.2}% 18
\BOOKMARK [0][]{chapter.3}{\376\377\000T\000r\000a\000n\000s\000i\000s\000t\000o\000r\000\040\000B\000J\000T\000\040\000\050\000B\000i\000p\000o\000l\000a\000r\000\040\000J\000u\000n\000c\000t\000i\000o\000n\000\040\000T\000r\000a\000n\000s\000i\000s\000t\000o\000r\000\051}{part.1}% 19
\BOOKMARK [1][]{section.3.1}{\376\377\000A\000m\000p\000l\000i\000f\000i\000c\000a\000t\000o\000r\000e\000\040\000d\000i\000\040\000T\000e\000n\000s\000i\000o\000n\000e\000\040\000a\000\040\000E\000m\000e\000t\000t\000i\000t\000o\000r\000e\000\040\000C\000o\000m\000u\000n\000e}{chapter.3}% 20
\BOOKMARK [1][]{section.3.2}{\376\377\000C\000o\000n\000f\000i\000g\000u\000r\000a\000z\000i\000o\000n\000i\000\040\000d\000e\000l\000\040\000B\000J\000T}{chapter.3}% 21
\BOOKMARK [1][]{section.3.3}{\376\377\000R\000i\000e\000p\000i\000l\000o\000g\000o\000\040\000d\000e\000i\000\040\000M\000o\000d\000e\000l\000l\000i\000\040\000E\000q\000u\000i\000v\000a\000l\000e\000n\000t\000i\000\040\000d\000e\000g\000l\000i\000\040\000A\000m\000p\000l\000i\000f\000i\000c\000a\000t\000o\000r\000i}{chapter.3}% 22
\BOOKMARK [1][]{section.3.4}{\376\377\000A\000m\000p\000l\000i\000f\000i\000c\000a\000t\000o\000r\000e\000\040\000C\000E\000\040\000c\000o\000n\000\040\000R\000e\000s\000i\000s\000t\000e\000n\000z\000a\000\040\000d\000i\000\040\000E\000m\000e\000t\000t\000i\000t\000o\000r\000e\000\040\000\050\000R\000E\000\051}{chapter.3}% 23
\BOOKMARK [1][]{section.3.5}{\376\377\000C\000o\000n\000f\000i\000g\000u\000r\000a\000z\000i\000o\000n\000e\000\040\000C\000C\000\040\000\050\000C\000o\000l\000l\000e\000t\000t\000o\000r\000e\000\040\000C\000o\000m\000u\000n\000e\000\040\040\024\000\040\000E\000m\000i\000t\000t\000e\000r\000\040\000F\000o\000l\000l\000o\000w\000e\000r\000\051}{chapter.3}% 24
\BOOKMARK [1][]{section.3.6}{\376\377\000C\000a\000s\000c\000a\000t\000a\000\040\000C\000E\000-\000>\000C\000C\000\040\000e\000\040\000R\000e\000t\000e\000\040\000d\000i\000\040\000P\000o\000l\000a\000r\000i\000z\000z\000a\000z\000i\000o\000n\000e}{chapter.3}% 25
\BOOKMARK [1][]{section.3.7}{\376\377\000C\000a\000l\000c\000o\000l\000o\000\040\000d\000e\000l\000\040\000P\000u\000n\000t\000o\000\040\000d\000i\000\040\000Q\000u\000i\000e\000s\000c\000e\000n\000z\000a\000\040\000\050\000B\000i\000a\000s\000\040\000P\000o\000i\000n\000t\000\051}{chapter.3}% 26
\BOOKMARK [1][]{section.3.8}{\376\377\000B\000J\000T\000\040\000a\000d\000\040\000A\000l\000t\000a\000\040\000F\000r\000e\000q\000u\000e\000n\000z\000a\000\040\040\024\000\040\000C\000a\000p\000a\000c\000i\000t\000\340\000\040\000P\000a\000r\000a\000s\000s\000i\000t\000e}{chapter.3}% 27
\BOOKMARK [1][]{section.3.9}{\376\377\000T\000e\000o\000r\000e\000m\000a\000\040\000d\000i\000\040\000M\000i\000l\000l\000e\000r}{chapter.3}% 28
\BOOKMARK [1][]{section.3.10}{\376\377\000T\000r\000a\000n\000s\000i\000s\000t\000o\000r\000\040\000D\000a\000r\000l\000i\000n\000g\000t\000o\000n}{chapter.3}% 29
\BOOKMARK [0][]{chapter.4}{\376\377\000A\000m\000p\000l\000i\000f\000i\000c\000a\000t\000o\000r\000i\000\040\000O\000p\000e\000r\000a\000z\000i\000o\000n\000a\000l\000i\000\040\000e\000\040\000R\000e\000t\000r\000o\000a\000z\000i\000o\000n\000e}{part.1}% 30
\BOOKMARK [1][]{section.4.1}{\376\377\000I\000n\000t\000r\000o\000d\000u\000z\000i\000o\000n\000e\000\040\000a\000g\000l\000i\000\040\000O\000p\000-\000A\000m\000p}{chapter.4}% 31
\BOOKMARK [1][]{section.4.2}{\376\377\000F\000i\000l\000t\000r\000i\000\040\000a\000t\000t\000i\000v\000i\000\040\000e\000\040\000c\000i\000r\000c\000u\000i\000t\000i\000\040\000l\000i\000n\000e\000a\000r\000i}{chapter.4}% 32
\BOOKMARK [1][]{section.4.3}{\376\377\000C\000a\000r\000a\000t\000t\000e\000r\000i\000s\000t\000i\000c\000h\000e\000\040\000r\000e\000a\000l\000i\000\040\000d\000e\000g\000l\000i\000\040\000O\000p\000-\000A\000m\000p}{chapter.4}% 33
\BOOKMARK [1][]{section.4.4}{\376\377\000A\000l\000t\000r\000i\000\040\000a\000m\000p\000l\000i\000f\000i\000c\000a\000t\000o\000r\000i\000\040\000c\000o\000n\000\040\000O\000p\000-\000A\000m\000p}{chapter.4}% 34
\BOOKMARK [1][]{section.4.5}{\376\377\000R\000e\000t\000r\000o\000a\000z\000i\000o\000n\000e\000\040\000\050\000F\000e\000e\000d\000b\000a\000c\000k\000\051\000\040\000n\000e\000g\000l\000i\000\040\000A\000m\000p\000l\000i\000f\000i\000c\000a\000t\000o\000r\000i}{chapter.4}% 35
\BOOKMARK [1][]{section.4.6}{\376\377\000A\000p\000p\000l\000i\000c\000a\000z\000i\000o\000n\000e\000\040\000a\000i\000\040\000c\000i\000r\000c\000u\000i\000t\000i\000\040\000c\000o\000n\000\040\000l\000'\000O\000p\000-\000A\000m\000p}{chapter.4}% 36
\BOOKMARK [0][]{chapter.5}{\376\377\000T\000r\000a\000s\000f\000o\000r\000m\000a\000t\000a\000\040\000d\000i\000\040\000L\000a\000p\000l\000a\000c\000e\000\040\000e\000\040\000D\000i\000a\000g\000r\000a\000m\000m\000i\000\040\000d\000i\000\040\000B\000o\000d\000e}{part.1}% 37
\BOOKMARK [1][]{section.5.1}{\376\377\000D\000i\000a\000g\000r\000a\000m\000m\000i\000\040\000d\000i\000\040\000B\000o\000d\000e}{chapter.5}% 38
\BOOKMARK [0][]{chapter.6}{\376\377\000A\000p\000p\000l\000i\000c\000a\000z\000i\000o\000n\000i\000\040\000n\000o\000n\000\040\000l\000i\000n\000e\000a\000r\000i\000\040\000d\000e\000g\000l\000i\000\040\000O\000p\000-\000A\000m\000p}{part.1}% 39
\BOOKMARK [1][]{section.6.1}{\376\377\000C\000o\000m\000p\000a\000r\000a\000t\000o\000r\000i}{chapter.6}% 40
\BOOKMARK [2][]{subsection.6.1.1}{\376\377\000C\000a\000s\000o\000\040\0001\000:\000\040\000T\000r\000i\000g\000g\000e\000r\000\040\000n\000o\000n\000\040\000i\000n\000v\000e\000r\000t\000e\000n\000t\000e}{section.6.1}% 41
\BOOKMARK [2][]{subsection.6.1.2}{\376\377\000C\000a\000s\000o\000\040\0002\000:\000\040\000T\000r\000i\000g\000g\000e\000r\000\040\000i\000n\000v\000e\000r\000t\000e\000n\000t\000e}{section.6.1}% 42
\BOOKMARK [1][]{section.6.2}{\376\377\000G\000e\000n\000e\000r\000a\000t\000o\000r\000i\000\040\000d\000i\000\040\000o\000n\000d\000e}{chapter.6}% 43
\BOOKMARK [2][]{subsection.6.2.1}{\376\377\000E\000s\000e\000m\000p\000i\000o\000:\000\040\000m\000u\000l\000t\000i\000v\000i\000b\000r\000a\000t\000o\000r\000e\000\040\000a\000s\000t\000a\000b\000i\000l\000e}{section.6.2}% 44
\BOOKMARK [0][]{chapter.7}{\376\377\000S\000t\000a\000b\000i\000l\000i\000t\000\340\000\040\000e\000\040\000C\000r\000i\000t\000e\000r\000i\000o\000\040\000d\000i\000\040\000N\000y\000q\000u\000i\000s\000t}{part.1}% 45
\BOOKMARK [1][]{section.7.1}{\376\377\000C\000r\000i\000t\000e\000r\000i\000\040\000d\000i\000\040\000s\000t\000a\000b\000i\000l\000i\000t\000\340\000\040\000d\000i\000\040\000u\000n\000\040\000a\000m\000p\000l\000i\000f\000i\000c\000a\000t\000o\000r\000e}{chapter.7}% 46
\BOOKMARK [2][]{subsection.7.1.1}{\376\377\000E\000s\000e\000m\000p\000i\000o\000:\000\040\000C\000i\000r\000c\000u\000i\000t\000o\000\040\000s\000f\000a\000s\000a\000t\000o\000r\000e\000\040\000v\000a\000r\000i\000a\000b\000i\000l\000e}{section.7.1}% 47
\BOOKMARK [1][]{section.7.2}{\376\377\000C\000r\000i\000t\000e\000r\000i\000o\000\040\000d\000i\000\040\000S\000t\000a\000b\000i\000l\000i\000t\000\340\000\040\000d\000i\000\040\000N\000y\000q\000u\000i\000s\000t}{chapter.7}% 48
\BOOKMARK [-1][]{part.2}{\376\377\000I\000I\000\040\000E\000l\000e\000t\000t\000r\000o\000n\000i\000c\000a\000\040\000D\000i\000g\000i\000t\000a\000l\000e}{}% 49
\BOOKMARK [0][]{chapter.8}{\376\377\000S\000e\000g\000n\000a\000l\000i\000,\000\040\000a\000l\000g\000e\000b\000r\000a\000\040\000d\000i\000\040\000B\000o\000o\000l\000e\000\040\000e\000\040\000r\000e\000t\000i\000\040\000l\000o\000g\000i\000c\000h\000e}{part.2}% 50
\BOOKMARK [1][]{section.8.1}{\376\377\000S\000e\000g\000n\000a\000l\000i\000\040\000a\000n\000a\000l\000o\000g\000i\000c\000i\000\040\000e\000\040\000d\000i\000g\000i\000t\000a\000l\000i}{chapter.8}% 51
\BOOKMARK [1][]{section.8.2}{\376\377\000A\000l\000g\000e\000b\000r\000a\000\040\000d\000i\000\040\000B\000o\000o\000l\000e}{chapter.8}% 52
\BOOKMARK [2][]{subsection.8.2.1}{\376\377\000I\000l\000\040\000c\000o\000n\000c\000e\000t\000t\000o\000\040\000d\000i\000\040\000d\000u\000a\000l\000e}{section.8.2}% 53
\BOOKMARK [1][]{section.8.3}{\376\377\000C\000e\000n\000n\000i\000\040\000s\000t\000o\000r\000i\000c\000i}{chapter.8}% 54
\BOOKMARK [1][]{section.8.4}{\376\377\000R\000e\000t\000i\000\040\000l\000o\000g\000i\000c\000h\000e}{chapter.8}% 55
\BOOKMARK [2][]{subsection.8.4.1}{\376\377\000F\000u\000n\000z\000i\000o\000n\000i\000\040\000a\000\040\0001\000\040\000i\000n\000g\000r\000e\000s\000s\000o}{section.8.4}% 56
\BOOKMARK [2][]{subsection.8.4.2}{\376\377\000F\000u\000n\000z\000i\000o\000n\000i\000\040\000a\000\040\0002\000\040\000i\000n\000g\000r\000e\000s\000s\000i}{section.8.4}% 57
\BOOKMARK [2][]{subsection.8.4.3}{\376\377\000F\000u\000n\000z\000i\000o\000n\000i\000\040\000a\000\040\000n\000\040\000i\000n\000g\000r\000e\000s\000s\000i}{section.8.4}% 58
\BOOKMARK [1][]{section.8.5}{\376\377\000B\000i\000t\000\040\000d\000i\000\040\000p\000a\000r\000i\000t\000\340}{chapter.8}% 59
\BOOKMARK [1][]{section.8.6}{\376\377\000E\000s\000e\000r\000c\000i\000z\000i\000o\000:\000\040\000s\000e\000m\000p\000l\000i\000c\000e\000\040\000c\000i\000r\000c\000u\000i\000t\000o\000\040\000p\000e\000r\000\040\000a\000b\000i\000l\000i\000t\000a\000r\000e\000\040\000l\000a\000\040\000p\000r\000e\000s\000a\000\040\000d\000a\000t\000i}{chapter.8}% 60
\BOOKMARK [0][]{chapter.9}{\376\377\000R\000e\000a\000l\000i\000z\000z\000a\000z\000i\000o\000n\000e\000\040\000f\000i\000s\000i\000c\000a\000\040\000d\000e\000l\000l\000e\000\040\000p\000o\000r\000t\000e\000\040\000l\000o\000g\000i\000c\000h\000e}{part.2}% 61
\BOOKMARK [1][]{section.9.1}{\376\377\000E\000s\000e\000r\000c\000i\000z\000i\000o\000:\000\040\000b\000i\000t\000\040\000d\000i\000\040\000p\000a\000r\000i\000t\000\340\000\040\000a\000\040\0004\000\040\000b\000i\000t}{chapter.9}% 62
\BOOKMARK [1][]{section.9.2}{\376\377\000V\000e\000r\000i\000f\000i\000c\000a\000\040\000d\000i\000\040\000u\000n\000a\000\040\000t\000r\000a\000s\000m\000i\000s\000s\000i\000o\000n\000e\000\040\000t\000r\000a\000m\000i\000t\000e\000\040\000p\000a\000r\000i\000t\000\340}{chapter.9}% 63
\BOOKMARK [1][]{section.9.3}{\376\377\000C\000a\000r\000a\000t\000t\000e\000r\000i\000s\000t\000i\000c\000h\000e\000\040\000f\000i\000s\000i\000c\000h\000e\000\040\000d\000e\000l\000l\000e\000\040\000p\000o\000r\000t\000e\000\040\000l\000o\000g\000i\000c\000h\000e}{chapter.9}% 64
\BOOKMARK [1][]{section.9.4}{\376\377\000I\000m\000p\000l\000e\000m\000e\000n\000t\000a\000z\000i\000o\000n\000e\000\040\000d\000e\000l\000l\000e\000\040\000p\000o\000r\000t\000e\000\040\000l\000o\000g\000i\000c\000h\000e}{chapter.9}% 65
\BOOKMARK [2][]{subsection.9.4.1}{\376\377\000N\000O\000T\000\040\000c\000o\000n\000\040\000u\000n\000\040\000s\000i\000n\000g\000o\000l\000o\000\040\000t\000r\000a\000n\000s\000i\000s\000t\000o\000r}{section.9.4}% 66
\BOOKMARK [2][]{subsection.9.4.2}{\376\377\000N\000O\000T\000\040\000i\000n\000\040\000t\000e\000c\000n\000o\000l\000o\000g\000i\000a\000\040\000T\000T\000L}{section.9.4}% 67
\BOOKMARK [1][]{section.9.5}{\376\377\000I\000m\000m\000u\000n\000i\000t\000\340\000\040\000a\000l\000\040\000r\000u\000m\000o\000r\000e}{chapter.9}% 68
\BOOKMARK [1][]{section.9.6}{\376\377\000N\000o\000m\000e\000n\000c\000l\000a\000t\000u\000r\000a\000\040\000d\000e\000l\000l\000e\000\040\000f\000a\000m\000i\000g\000l\000i\000e\000\040\000l\000o\000g\000i\000c\000h\000e\000\040\000e\000\040\000f\000a\000n\000-\000o\000u\000t}{chapter.9}% 69
\BOOKMARK [2][]{subsection.9.6.1}{\376\377\000N\000o\000m\000e\000n\000c\000l\000a\000t\000u\000r\000a\000\040\000d\000e\000i\000\040\000c\000o\000m\000p\000o\000n\000e\000n\000t\000i}{section.9.6}% 70
\BOOKMARK [2][]{subsection.9.6.2}{\376\377\000F\000a\000n\000-\000O\000u\000t\000\040\000\050\000c\000a\000p\000a\000c\000i\000t\000\340\000\040\000d\000i\000\040\000p\000i\000l\000o\000t\000a\000g\000g\000i\000o\000\051}{section.9.6}% 71
\BOOKMARK [0][]{chapter.10}{\376\377\000A\000l\000g\000e\000b\000r\000a\000\040\000d\000i\000\040\000B\000o\000o\000l\000e\000:\000\040\000a\000s\000s\000i\000o\000m\000i\000,\000\040\000p\000r\000o\000p\000r\000i\000e\000t\000\340\000\040\000e\000\040\000s\000i\000n\000t\000e\000s\000i}{part.2}% 72
\BOOKMARK [1][]{section.10.1}{\376\377\000T\000e\000m\000p\000i\000\040\000c\000a\000r\000a\000t\000t\000e\000r\000i\000s\000t\000i\000c\000i\000\040\000d\000e\000l\000l\000e\000\040\000p\000o\000r\000t\000e\000\040\000l\000o\000g\000i\000c\000h\000e}{chapter.10}% 73
\BOOKMARK [1][]{section.10.2}{\376\377\000A\000s\000s\000i\000o\000m\000i\000\040\000d\000e\000l\000l\000'\000a\000l\000g\000e\000b\000r\000a\000\040\000d\000i\000\040\000B\000o\000o\000l\000e}{chapter.10}% 74
\BOOKMARK [1][]{section.10.3}{\376\377\000P\000r\000o\000p\000r\000i\000e\000t\000\340\000\040\000d\000e\000l\000l\000'\000a\000l\000g\000e\000b\000r\000a\000\040\000d\000i\000\040\000B\000o\000o\000l\000e}{chapter.10}% 75
\BOOKMARK [2][]{subsection.10.3.1}{\376\377\000T\000e\000o\000r\000e\000m\000a\000\040\000d\000e\000l\000l\000a\000\040\000s\000e\000m\000p\000l\000i\000f\000i\000c\000a\000z\000i\000o\000n\000e}{section.10.3}% 76
\BOOKMARK [2][]{subsection.10.3.2}{\376\377\000T\000e\000o\000r\000e\000m\000a\000\040\000d\000e\000l\000l\000a\000\040\000m\000o\000l\000t\000i\000p\000l\000i\000c\000a\000z\000i\000o\000n\000e\000\040\000e\000\040\000f\000a\000t\000t\000o\000r\000i\000z\000z\000a\000z\000i\000o\000n\000e}{section.10.3}% 77
\BOOKMARK [2][]{subsection.10.3.3}{\376\377\000L\000e\000g\000g\000i\000\040\000d\000i\000\040\000D\000e\000\040\000M\000o\000r\000g\000a\000n}{section.10.3}% 78
\BOOKMARK [1][]{section.10.4}{\376\377\000P\000o\000r\000t\000e\000\040\000u\000n\000i\000v\000e\000r\000s\000a\000l\000i\000:\000\040\000N\000A\000N\000D\000\040\000e\000\040\000N\000O\000R}{chapter.10}% 79
\BOOKMARK [2][]{subsection.10.4.1}{\376\377\000N\000A\000N\000D\000\040\000c\000o\000m\000e\000\040\000p\000o\000r\000t\000a\000\040\000u\000n\000i\000v\000e\000r\000s\000a\000l\000e}{section.10.4}% 80
\BOOKMARK [2][]{subsection.10.4.2}{\376\377\000N\000O\000R\000\040\000c\000o\000m\000e\000\040\000p\000o\000r\000t\000a\000\040\000u\000n\000i\000v\000e\000r\000s\000a\000l\000e}{section.10.4}% 81
\BOOKMARK [1][]{section.10.5}{\376\377\000D\000a\000l\000l\000a\000\040\000t\000a\000b\000e\000l\000l\000a\000\040\000d\000i\000\040\000v\000e\000r\000i\000t\000\340\000\040\000a\000l\000\040\000c\000i\000r\000c\000u\000i\000t\000o}{chapter.10}% 82
\BOOKMARK [2][]{subsection.10.5.1}{\376\377\000E\000q\000u\000i\000v\000a\000l\000e\000n\000z\000a\000\040\000d\000e\000l\000l\000e\000\040\000d\000u\000e\000\040\000f\000o\000r\000m\000e\000\040\000c\000a\000n\000o\000n\000i\000c\000h\000e}{section.10.5}% 83
\BOOKMARK [2][]{subsection.10.5.2}{\376\377\000I\000\040\000c\000i\000r\000c\000u\000i\000t\000i\000\040\000c\000h\000e\000\040\000c\000o\000r\000r\000i\000s\000p\000o\000n\000d\000o\000n\000o\000\040\000a\000l\000l\000e\000\040\000d\000u\000e\000\040\000f\000o\000r\000m\000e}{section.10.5}% 84
\BOOKMARK [2][]{subsection.10.5.3}{\376\377\000M\000a\000p\000p\000e\000\040\000d\000i\000\040\000K\000a\000r\000n\000a\000u\000g\000h\000\040\000a\000\040\0003\000\040\000v\000a\000r\000i\000a\000b\000i\000l\000i}{section.10.5}% 85
\BOOKMARK [2][]{subsection.10.5.4}{\376\377\000E\000s\000e\000m\000p\000i\000\040\000d\000i\000\040\000m\000a\000p\000p\000e\000\040\000d\000i\000\040\000K\000a\000r\000n\000a\000u\000g\000h\000\040\000a\000\040\0004\000\040\000v\000a\000r\000i\000a\000b\000i\000l\000i}{section.10.5}% 86
\BOOKMARK [1][]{section.10.6}{\376\377\000C\000o\000d\000i\000f\000i\000c\000a\000\040\000b\000i\000n\000a\000r\000i\000a}{chapter.10}% 87
\BOOKMARK [1][]{section.10.7}{\376\377\000C\000o\000d\000i\000c\000e\000\040\000B\000C\000D}{chapter.10}% 88
\BOOKMARK [2][]{subsection.10.7.1}{\376\377\000E\000s\000e\000m\000p\000i\000o\000:\000\040\000d\000i\000s\000p\000l\000a\000y\000\040\000a\000\040\0007\000\040\000s\000e\000g\000m\000e\000n\000t\000i}{section.10.7}% 89
\BOOKMARK [1][]{section.10.8}{\376\377\000S\000o\000m\000m\000a\000t\000o\000r\000i}{chapter.10}% 90
\BOOKMARK [2][]{subsection.10.8.1}{\376\377\000S\000e\000m\000i\000-\000s\000o\000m\000m\000a\000t\000o\000r\000e\000\040\000\050\000h\000a\000l\000f\000\040\000a\000d\000d\000e\000r\000\051}{section.10.8}% 91
\BOOKMARK [2][]{subsection.10.8.2}{\376\377\000S\000o\000m\000m\000a\000t\000o\000r\000e\000\040\000c\000o\000m\000p\000l\000e\000t\000o\000\040\000\050\000f\000u\000l\000l\000\040\000a\000d\000d\000e\000r\000\051}{section.10.8}% 92
\BOOKMARK [0][]{chapter.11}{\376\377\000S\000o\000m\000m\000a\000t\000o\000r\000i\000,\000\040\000c\000o\000m\000p\000l\000e\000m\000e\000n\000t\000o\000\040\000a\000\040\0002\000\040\000e\000\040\000c\000o\000d\000i\000c\000i}{part.2}% 93
\BOOKMARK [1][]{section.11.1}{\376\377\000E\000s\000e\000m\000p\000i\000o\000:\000\040\000s\000o\000m\000m\000a\000t\000o\000r\000e\000\040\000a\000\040\0004\000\040\000b\000i\000t}{chapter.11}% 94
\BOOKMARK [1][]{section.11.2}{\376\377\000M\000o\000d\000u\000l\000a\000r\000i\000t\000\340\000\040\000e\000\040\000D\000e\000s\000i\000g\000n\000\040\000G\000e\000r\000a\000r\000c\000h\000i\000c\000o}{chapter.11}% 95
\BOOKMARK [1][]{section.11.3}{\376\377\000S\000o\000t\000t\000r\000a\000t\000t\000o\000r\000i\000\040\000e\000\040\000n\000u\000m\000e\000r\000i\000\040\000n\000e\000g\000a\000t\000i\000v\000i}{chapter.11}% 96
\BOOKMARK [2][]{subsection.11.3.1}{\376\377\000C\000i\000r\000c\000u\000i\000t\000o\000\040\000s\000o\000m\000m\000a\000t\000o\000r\000e\000/\000s\000o\000t\000t\000r\000a\000t\000t\000o\000r\000e\000\040\000a\000\040\0004\000\040\000b\000i\000t}{section.11.3}% 97
\BOOKMARK [0][]{chapter.12}{\376\377\000C\000o\000d\000i\000c\000e\000\040\000G\000r\000a\000y\000\040\000e\000\040\000A\000S\000C\000I\000I}{part.2}% 98
\BOOKMARK [1][]{section.12.1}{\376\377\000C\000o\000d\000i\000c\000e\000\040\000G\000r\000a\000y}{chapter.12}% 99
\BOOKMARK [2][]{subsection.12.1.1}{\376\377\000C\000i\000r\000c\000u\000i\000t\000i\000\040\000d\000i\000\040\000c\000o\000n\000v\000e\000r\000s\000i\000o\000n\000e}{section.12.1}% 100
\BOOKMARK [2][]{subsection.12.1.2}{\376\377\000E\000s\000e\000r\000c\000i\000z\000i\000\040\000s\000v\000o\000l\000t\000i\000:\000\040\000c\000o\000n\000v\000e\000r\000s\000i\000o\000n\000i\000\040\000p\000a\000s\000s\000o\000-\000p\000a\000s\000s\000o}{section.12.1}% 101
\BOOKMARK [1][]{section.12.2}{\376\377\000C\000o\000d\000i\000c\000e\000\040\000A\000S\000C\000I\000I}{chapter.12}% 102
\BOOKMARK [0][]{chapter.13}{\376\377\000L\000o\000g\000i\000c\000a\000\040\000s\000e\000q\000u\000e\000n\000z\000i\000a\000l\000e}{part.2}% 103
\BOOKMARK [1][]{section.13.1}{\376\377\000C\000i\000r\000c\000u\000i\000t\000i\000\040\000c\000o\000m\000b\000i\000n\000a\000t\000o\000r\000i\000\040\000e\000\040\000c\000i\000r\000c\000u\000i\000t\000i\000\040\000s\000e\000q\000u\000e\000n\000z\000i\000a\000l\000i}{chapter.13}% 104
\BOOKMARK [1][]{section.13.2}{\376\377\000B\000i\000s\000t\000a\000b\000i\000l\000i\000t\000\340\000\040\000e\000\040\000o\000s\000c\000i\000l\000l\000a\000z\000i\000o\000n\000e}{chapter.13}% 105
\BOOKMARK [1][]{section.13.3}{\376\377\000L\000a\000t\000c\000h}{chapter.13}% 106
\BOOKMARK [2][]{subsection.13.3.1}{\376\377\000L\000a\000t\000c\000h\000\040\000R\000S\000\040\000c\000o\000n\000\040\000N\000O\000R\000:\000\040\000f\000u\000n\000z\000i\000o\000n\000e\000\040\000c\000a\000r\000a\000t\000t\000e\000r\000i\000s\000t\000i\000c\000a}{section.13.3}% 107
\BOOKMARK [2][]{subsection.13.3.2}{\376\377\000L\000a\000t\000c\000h\000\040\000R\000S\000\040\000c\000o\000n\000\040\000a\000b\000i\000l\000i\000t\000a\000z\000i\000o\000n\000e\000\040\000\050\000E\000n\000a\000b\000l\000e\000\051}{section.13.3}% 108
\BOOKMARK [2][]{subsection.13.3.3}{\376\377\000L\000a\000t\000c\000h\000\040\000d\000i\000\040\000t\000i\000p\000o\000\040\000D}{section.13.3}% 109
\BOOKMARK [2][]{subsection.13.3.4}{\376\377\000L\000a\000t\000c\000h\000\040\000e\000\040\000F\000l\000i\000p\000-\000F\000l\000o\000p\000:\000\040\000d\000i\000f\000f\000e\000r\000e\000n\000z\000a\000\040\000f\000o\000n\000d\000a\000m\000e\000n\000t\000a\000l\000e}{section.13.3}% 110
\BOOKMARK [2][]{subsection.13.3.5}{\376\377\000T\000e\000c\000n\000i\000c\000a\000\040\000m\000a\000s\000t\000e\000r\000-\000s\000l\000a\000v\000e}{section.13.3}% 111
\BOOKMARK [1][]{section.13.4}{\376\377\000T\000e\000c\000n\000i\000c\000a\000\040\000t\000r\000i\000g\000g\000e\000r\000-\000e\000d\000g\000e}{chapter.13}% 112
\BOOKMARK [1][]{section.13.5}{\376\377\000I\000n\000g\000r\000e\000s\000s\000i\000\040\000s\000i\000n\000c\000r\000o\000n\000i\000\040\000e\000\040\000a\000s\000i\000n\000c\000r\000o\000n\000i}{chapter.13}% 113
\BOOKMARK [1][]{section.13.6}{\376\377\000J\000K\000\040\000F\000l\000i\000p\000-\000F\000l\000o\000p}{chapter.13}% 114
\BOOKMARK [2][]{subsection.13.6.1}{\376\377\000E\000s\000e\000m\000p\000i\000o\000\040\000p\000r\000a\000t\000i\000c\000o\000:\000\040\000i\000l\000\040\000R\000e\000g\000i\000s\000t\000r\000o\000\040\000c\000o\000m\000e\000\040\000"\000f\000i\000l\000t\000r\000o\000\040\000a\000n\000t\000i\000-\000g\000l\000i\000t\000c\000h\000"}{section.13.6}% 115
\BOOKMARK [0][]{chapter.14}{\376\377\000R\000e\000g\000i\000s\000t\000r\000i\000\040\000a\000\040\000s\000c\000o\000r\000r\000i\000m\000e\000n\000t\000o\000\040\000e\000\040\000c\000o\000n\000t\000a\000t\000o\000r\000i}{part.2}% 116
\BOOKMARK [1][]{section.14.1}{\376\377\000R\000e\000g\000i\000s\000t\000r\000i\000\040\000a\000\040\000s\000c\000o\000r\000r\000i\000m\000e\000n\000t\000o}{chapter.14}% 117
\BOOKMARK [2][]{subsection.14.1.1}{\376\377\000M\000o\000d\000a\000l\000i\000t\000\340\000\040\000d\000i\000\040\000t\000r\000a\000s\000m\000i\000s\000s\000i\000o\000n\000e\000\040\000d\000a\000t\000i}{section.14.1}% 118
\BOOKMARK [2][]{subsection.14.1.2}{\376\377\000T\000e\000m\000p\000o\000r\000i\000z\000z\000a\000z\000i\000o\000n\000e\000\040\000e\000\040\000v\000i\000n\000c\000o\000l\000i}{section.14.1}% 119
\BOOKMARK [2][]{subsection.14.1.3}{\376\377\000S\000c\000h\000e\000m\000i\000\040\000d\000e\000i\000\040\000r\000e\000g\000i\000s\000t\000r\000i\000\040\000a\000\040\000s\000c\000o\000r\000r\000i\000m\000e\000n\000t\000o\000\040\000\050\000S\000I\000S\000O\000,\000\040\000S\000I\000P\000O\000,\000\040\000P\000I\000S\000O\000\051}{section.14.1}% 120
\BOOKMARK [1][]{section.14.2}{\376\377\000C\000o\000n\000t\000a\000t\000o\000r\000i}{chapter.14}% 121
\BOOKMARK [2][]{subsection.14.2.1}{\376\377\000C\000o\000n\000t\000a\000t\000o\000r\000e\000\040\000a\000s\000i\000n\000c\000r\000o\000n\000o\000\040\000\050\000r\000i\000p\000p\000l\000e\000\040\000c\000o\000u\000n\000t\000e\000r\000\051}{section.14.2}% 122
\BOOKMARK [2][]{subsection.14.2.2}{\376\377\000C\000o\000n\000t\000a\000t\000o\000r\000e\000\040\000s\000i\000n\000c\000r\000o\000n\000o}{section.14.2}% 123
\BOOKMARK [2][]{subsection.14.2.3}{\376\377\000A\000z\000z\000e\000r\000a\000m\000e\000n\000t\000o\000\040\000d\000o\000p\000o\000\040\000u\000n\000\040\000c\000e\000r\000t\000o\000\040\000c\000o\000n\000t\000e\000g\000g\000i\000o\000\040\000\050\000c\000o\000n\000t\000a\000t\000o\000r\000e\000\040\000m\000o\000d\000u\000l\000o\000-\000M\000\051}{section.14.2}% 124
\BOOKMARK [2][]{subsection.14.2.4}{\376\377\000R\000i\000p\000p\000l\000e\000\040\000C\000a\000r\000r\000y\000\040\000O\000u\000t\000p\000u\000t\000\040\000\050\000R\000C\000O\000\051}{section.14.2}% 125
\BOOKMARK [0][]{chapter.15}{\376\377\000C\000o\000n\000t\000e\000g\000g\000i\000o\000,\000\040\000d\000i\000v\000i\000s\000o\000r\000i\000\040\000d\000i\000\040\000f\000r\000e\000q\000u\000e\000n\000z\000a\000\040\000e\000\040\000P\000R\000F\000G}{part.2}% 126
\BOOKMARK [1][]{section.15.1}{\376\377\000C\000o\000n\000t\000a\000t\000o\000r\000i\000\040\000a\000\040\0008\000\040\000b\000i\000t\000:\000\040\000c\000a\000s\000c\000a\000t\000a\000\040\000d\000i\000\040\000d\000u\000e\000\040\000S\000N\0007\0004\000L\000S\0001\0006\0003}{chapter.15}% 127
\BOOKMARK [1][]{section.15.2}{\376\377\000D\000i\000v\000i\000s\000o\000r\000i\000\040\000d\000i\000\040\000f\000r\000e\000q\000u\000e\000n\000z\000a\000\040\000p\000e\000r\000\040\000u\000n\000\040\000n\000u\000m\000e\000r\000o\000\040\000n}{chapter.15}% 128
\BOOKMARK [2][]{subsection.15.2.1}{\376\377\000D\000i\000v\000i\000s\000o\000r\000e\000\040\000c\000o\000n\000\040\000C\000L\000E\000A\000R\000\040\000s\000i\000n\000c\000r\000o\000n\000o}{section.15.2}% 129
\BOOKMARK [2][]{subsection.15.2.2}{\376\377\000D\000i\000v\000i\000s\000o\000r\000e\000\040\000c\000o\000n\000\040\000S\000E\000T\000\040\000s\000i\000n\000c\000r\000o\000n\000o\000\040\000\050\000L\000O\000A\000D\000\051}{section.15.2}% 130
\BOOKMARK [1][]{section.15.3}{\376\377\000C\000o\000n\000t\000a\000t\000o\000r\000e\000\040\000a\000d\000\040\000a\000n\000e\000l\000l\000o}{chapter.15}% 131
\BOOKMARK [1][]{section.15.4}{\376\377\000C\000o\000n\000t\000a\000t\000o\000r\000e\000\040\000a\000d\000\040\000a\000n\000e\000l\000l\000o\000\040\000t\000w\000i\000s\000t\000e\000d\000\040\000\050\000J\000o\000h\000n\000s\000o\000n\000\040\000c\000o\000u\000n\000t\000e\000r\000\051}{chapter.15}% 132
\BOOKMARK [1][]{section.15.5}{\376\377\000G\000e\000n\000e\000r\000a\000t\000o\000r\000i\000\040\000d\000i\000\040\000f\000r\000e\000q\000u\000e\000n\000z\000a\000\040\000p\000s\000e\000u\000d\000o\000\040\000c\000a\000s\000u\000a\000l\000i\000\040\000\050\000P\000R\000F\000G\000\051}{chapter.15}% 133
\BOOKMARK [0][]{chapter.16}{\376\377\000M\000a\000c\000c\000h\000i\000n\000e\000\040\000a\000\040\000s\000t\000a\000t\000i\000\040\000f\000i\000n\000i\000t\000i\000\040\000\050\000F\000S\000M\000\051}{part.2}% 134
\BOOKMARK [1][]{section.16.1}{\376\377\000T\000i\000p\000i\000\040\000d\000i\000\040\000a\000r\000c\000h\000i\000t\000e\000t\000t\000u\000r\000a\000\040\000F\000S\000M\000:\000\040\000M\000o\000o\000r\000e\000\040\000e\000\040\000M\000e\000a\000l\000y}{chapter.16}% 135
\BOOKMARK [2][]{subsection.16.1.1}{\376\377\000A\000r\000c\000h\000i\000t\000e\000t\000t\000u\000r\000a\000\040\000d\000i\000\040\000M\000o\000o\000r\000e}{section.16.1}% 136
\BOOKMARK [1][]{section.16.2}{\376\377\000D\000a\000l\000\040\000d\000i\000a\000g\000r\000a\000m\000m\000a\000\040\000d\000i\000\040\000s\000t\000a\000t\000o\000\040\000a\000l\000\040\000c\000i\000r\000c\000u\000i\000t\000o}{chapter.16}% 137
\BOOKMARK [2][]{subsection.16.2.1}{\376\377\000R\000i\000c\000a\000v\000a\000r\000e\000\040\000l\000e\000\040\000f\000u\000n\000z\000i\000o\000n\000i\000\040\000d\000e\000i\000\040\000s\000e\000g\000n\000a\000l\000i\000\040\000d\000i\000\040\000u\000s\000c\000i\000t\000a\000:\000\040\000O\000i\000\040\000=\000\040\000f\000\050\000Q\000i\000\051}{section.16.2}% 138
\BOOKMARK [2][]{subsection.16.2.2}{\376\377\000S\000t\000a\000t\000o\000\040\000b\000l\000o\000c\000c\000a\000n\000t\000e\000\040\000e\000\040\000s\000e\000g\000n\000a\000l\000e\000\040\000d\000i\000\040\000E\000n\000a\000b\000l\000e}{section.16.2}% 139
\BOOKMARK [2][]{subsection.16.2.3}{\376\377\000E\000s\000e\000m\000p\000i\000o\000:\000\040\000i\000n\000s\000e\000g\000n\000a\000\040\000l\000u\000m\000i\000n\000o\000s\000a\000\040\000\050\000c\000o\000n\000t\000i\000n\000u\000a\000z\000i\000o\000n\000e\000\051}{section.16.2}% 140
\BOOKMARK [1][]{section.16.3}{\376\377\000A\000r\000c\000h\000i\000t\000e\000t\000t\000u\000r\000a\000\040\000d\000i\000\040\000M\000e\000a\000l\000y}{chapter.16}% 141
\BOOKMARK [2][]{subsection.16.3.1}{\376\377\000T\000a\000b\000e\000l\000l\000a\000\040\000d\000i\000\040\000v\000e\000r\000i\000t\000\340\000\040\000d\000e\000l\000l\000'\000i\000n\000s\000e\000g\000n\000a\000\040\000l\000u\000m\000i\000n\000o\000s\000a\000\040\000\050\000M\000e\000a\000l\000y\000\051}{section.16.3}% 142
\BOOKMARK [2][]{subsection.16.3.2}{\376\377\000T\000a\000b\000e\000l\000l\000a\000\040\000J\000K\000\040\000p\000e\000r\000\040\000l\000'\000i\000m\000p\000l\000e\000m\000e\000n\000t\000a\000z\000i\000o\000n\000e}{section.16.3}% 143
\BOOKMARK [2][]{subsection.16.3.3}{\376\377\000M\000a\000p\000p\000e\000\040\000d\000i\000\040\000K\000a\000r\000n\000a\000u\000g\000h\000\040\000p\000e\000r\000\040\000J\000K\0000\000\040\000e\000\040\000J\000K\0001}{section.16.3}% 144
\BOOKMARK [1][]{section.16.4}{\376\377\000E\000s\000e\000m\000p\000i\000o\000:\000\040\000r\000i\000c\000o\000n\000o\000s\000c\000i\000t\000o\000r\000e\000\040\000d\000i\000\040\000s\000e\000q\000u\000e\000n\000z\000e}{chapter.16}% 145
\BOOKMARK [1][]{section.16.5}{\376\377\000E\000s\000e\000m\000p\000i\000o\000:\000\040\000m\000a\000c\000c\000h\000i\000n\000a\000\040\000d\000i\000s\000t\000r\000i\000b\000u\000t\000r\000i\000c\000e\000\040\000d\000e\000l\000\040\000c\000a\000f\000f\000\350}{chapter.16}% 146
\BOOKMARK [2][]{subsection.16.5.1}{\376\377\000D\000i\000a\000g\000r\000a\000m\000m\000a\000\040\000d\000i\000\040\000s\000t\000a\000t\000o\000\040\000d\000e\000l\000l\000a\000\040\000m\000a\000c\000c\000h\000i\000n\000a\000\040\000d\000e\000l\000\040\000c\000a\000f\000f\000\350\000\040\000\050\000M\000o\000o\000r\000e\000\051}{section.16.5}% 147
\BOOKMARK [0][]{chapter.17}{\376\377\000E\000l\000e\000t\000t\000r\000o\000n\000i\000c\000a\000\040\000c\000o\000m\000b\000i\000n\000a\000t\000o\000r\000i\000a\000\040\000c\000o\000m\000p\000l\000e\000s\000s\000a}{part.2}% 148
\BOOKMARK [1][]{section.17.1}{\376\377\000R\000O\000M\000\040\040\023\000\040\000R\000e\000a\000d\000\040\000O\000n\000l\000y\000\040\000M\000e\000m\000o\000r\000y}{chapter.17}% 149
\BOOKMARK [2][]{subsection.17.1.1}{\376\377\000C\000o\000m\000e\000\040\000\350\000\040\000f\000a\000t\000t\000a\000?}{section.17.1}% 150
\BOOKMARK [2][]{subsection.17.1.2}{\376\377\000E\000s\000e\000m\000p\000i\000o\000:\000\040\000l\000a\000\040\000t\000a\000s\000t\000i\000e\000r\000a}{section.17.1}% 151
\BOOKMARK [2][]{subsection.17.1.3}{\376\377\000E\000s\000e\000m\000p\000i\000o\000:\000\040\000l\000a\000\040\000R\000O\000M\000\040\000d\000e\000l\000\040\000s\000e\000m\000a\000f\000o\000r\000o}{section.17.1}% 152
\BOOKMARK [2][]{subsection.17.1.4}{\376\377\000S\000t\000r\000u\000t\000t\000u\000r\000a\000\040\000d\000e\000l\000l\000a\000\040\000P\000L\000A\000:\000\040\000p\000r\000i\000m\000a\000\040\000e\000\040\000d\000o\000p\000o\000\040\000l\000a\000\040\000p\000r\000o\000g\000r\000a\000m\000m\000a\000z\000i\000o\000n\000e}{section.17.1}% 153
\BOOKMARK [1][]{section.17.2}{\376\377\000M\000u\000l\000t\000i\000p\000l\000e\000x\000e\000r\000\040\000e\000\040\000d\000e\000m\000u\000l\000t\000i\000p\000l\000e\000x\000e\000r}{chapter.17}% 154
\BOOKMARK [1][]{section.17.3}{\376\377\000U\000n\000i\000v\000e\000r\000s\000a\000l\000\040\000S\000h\000i\000f\000t\000\040\000R\000e\000g\000i\000s\000t\000e\000r\000\040\000\050\000U\000S\000R\000\051}{chapter.17}% 155
\BOOKMARK [2][]{subsection.17.3.1}{\376\377\000I\000m\000p\000l\000e\000m\000e\000n\000t\000a\000z\000i\000o\000n\000e\000\040\000a\000\040\0004\000\040\000b\000i\000t\000\040\000p\000e\000r\000\040\000t\000r\000a\000s\000m\000i\000s\000s\000i\000o\000n\000e\000\040\000P\000I\000S\000O}{section.17.3}% 156
\BOOKMARK [2][]{subsection.17.3.2}{\376\377\000A\000p\000p\000l\000i\000c\000a\000z\000i\000o\000n\000e\000:\000\040\000t\000r\000a\000s\000m\000i\000s\000s\000i\000o\000n\000e\000\040\000s\000e\000r\000i\000a\000l\000e\000\040\000S\000e\000n\000d\000e\000r\040\023\000R\000e\000c\000e\000i\000v\000e\000r}{section.17.3}% 157
\BOOKMARK [1][]{section.17.4}{\376\377\000V\000i\000n\000c\000o\000l\000i\000\040\000t\000e\000m\000p\000o\000r\000a\000l\000i\000\040\000d\000e\000l\000l\000'\000U\000S\000R\000\040\000e\000\040\000J\000i\000t\000t\000e\000r}{chapter.17}% 158
\BOOKMARK [0][]{chapter.18}{\376\377\000C\000o\000n\000v\000e\000r\000s\000i\000o\000n\000e\000\040\000D\000i\000g\000i\000t\000a\000l\000e\040\023\000A\000n\000a\000l\000o\000g\000i\000c\000a\000\040\000e\000\040\000A\000n\000a\000l\000o\000g\000i\000c\000a\040\023\000D\000i\000g\000i\000t\000a\000l\000e}{part.2}% 159
\BOOKMARK [1][]{section.18.1}{\376\377\000C\000o\000n\000v\000e\000r\000s\000i\000o\000n\000e\000\040\000d\000i\000g\000i\000t\000a\000l\000e\000\040\000\040\000a\000n\000a\000l\000o\000g\000i\000c\000a}{chapter.18}% 160
\BOOKMARK [1][]{section.18.2}{\376\377\000C\000a\000r\000a\000t\000t\000e\000r\000i\000s\000t\000i\000c\000h\000e\000\040\000d\000e\000l\000\040\000D\000A\000C}{chapter.18}% 161
\BOOKMARK [1][]{section.18.3}{\376\377\000D\000A\000C\000\040\000a\000\040\000s\000o\000m\000m\000a\000t\000o\000r\000e}{chapter.18}% 162
\BOOKMARK [1][]{section.18.4}{\376\377\000D\000A\000C\000\040\000R\000-\0002\000R\000\040\000L\000a\000d\000d\000e\000r}{chapter.18}% 163
\BOOKMARK [1][]{section.18.5}{\376\377\000C\000a\000r\000a\000t\000t\000e\000r\000i\000s\000t\000i\000c\000h\000e\000\040\000d\000e\000l\000l\000'\000A\000D\000C}{chapter.18}% 164
\BOOKMARK [0][]{chapter.19}{\376\377\000C\000o\000n\000v\000e\000r\000t\000i\000t\000o\000r\000i\000\040\000A\000n\000a\000l\000o\000g\000i\000c\000o\000-\000D\000i\000g\000i\000t\000a\000l\000i\000\040\000\050\000A\000D\000C\000\051}{part.2}% 165
\BOOKMARK [1][]{section.19.1}{\376\377\000A\000D\000C\000\040\000a\000\040\000g\000r\000a\000d\000i\000n\000a\000t\000a}{chapter.19}% 166
\BOOKMARK [1][]{section.19.2}{\376\377\000A\000D\000C\000\040\000a\000d\000\040\000a\000p\000p\000r\000o\000s\000s\000i\000m\000a\000z\000i\000o\000n\000i\000\040\000s\000u\000c\000c\000e\000s\000s\000i\000v\000e\000\040\000\050\000S\000A\000R\000\051}{chapter.19}% 167
\BOOKMARK [1][]{section.19.3}{\376\377\000F\000l\000a\000s\000h\000\040\000A\000D\000C}{chapter.19}% 168
\BOOKMARK [1][]{section.19.4}{\376\377\000O\000s\000s\000e\000r\000v\000a\000z\000i\000o\000n\000i\000\040\000g\000e\000n\000e\000r\000a\000l\000i}{chapter.19}% 169
\BOOKMARK [1][]{section.19.5}{\376\377\000A\000D\000C\000\040\000d\000e\000l\000l\000'\000A\000D\0002}{chapter.19}% 170
\BOOKMARK [2][]{subsection.19.5.1}{\376\377\000A\000D\000C\000\040\000a\000d\000\040\000a\000p\000p\000r\000o\000s\000s\000i\000m\000a\000z\000i\000o\000n\000i\000\040\000s\000u\000c\000c\000e\000s\000s\000i\000v\000e\000\040\000\050\000S\000A\000R\000\051\000:\000\040\000a\000n\000a\000l\000i\000s\000i\000\040\000d\000e\000l\000\040\000c\000i\000r\000c\000u\000i\000t\000o\000\040\000a\000\040\0003\000\040\000b\000i\000t}{section.19.5}% 171
